// Jest Snapshot v1, https://goo.gl/fbAQLP

exports[`matches snapshot 1`] = `
<div
  className="to-do-list"
>
   
  <button
    onClick={[Function]}
  >
    X
  </button>
  <button
    onClick={[Function]}
  >
    Edit
  </button>
</div>
`;
