// Jest Snapshot v1, https://goo.gl/fbAQLP

exports[`matches snapshot 1`] = `
<div
  className="TodoList"
>
  To-Do List
  <NewToDoForm
    addTodo={[Function]}
  />
  <ol
    id="to-do-list"
  />
</div>
`;
